[dotenv@17.2.3] injecting env (53) from .env -- tip: ≡ƒöÉ prevent building .env in docker: https://dotenvx.com/prebuild
--- SMTP Configuration Test ---
Host: smtp.gmail.com
Port: 587
User: *** (Set) ***
Pass: *** (Set) ***
-------------------------------
Attempting to connect to SMTP server...
Γ£à SMTP Connection Successful!
Server is ready to send emails.
