
> biye-backend-api@1.0.0 check
> tsc --noEmit

src/modules/obhijaat/obhijaat.service.ts(79,49): error TS2339: Property 'obhijaatInvitation' does not exist on type 'PrismaClient<PrismaClientOptions, never, DefaultArgs>'.
src/modules/obhijaat/obhijaat.service.ts(92,41): error TS2339: Property 'obhijaatInvitation' does not exist on type 'PrismaClient<PrismaClientOptions, never, DefaultArgs>'.
src/modules/obhijaat/obhijaat.service.ts(119,42): error TS2339: Property 'obhijaatInvitation' does not exist on type 'PrismaClient<PrismaClientOptions, never, DefaultArgs>'.
